PS C:\Users\freec> cd C:\Users\freec\git_challenge
PS C:\Users\freec\git_challenge> git init
Initialized empty Git repository in C:/Users/freec/git_challenge/.git/
PS C:\Users\freec\git_challenge> git add hello_world.txt   
PS C:\Users\freec\git_challenge> git commit -m "hello_world.txtを追記"          
[main (root-commit) 3c343e9] hello_world.txtを追記
 1 file changed, 1 insertion(+)
 create mode 100644 hello_world.txt
PS C:\Users\freec\git_challenge> git diff --staged
PS C:\Users\freec\git_challenge> git add hello_world.txt
PS C:\Users\freec\git_challenge> git commit -m "日本語訳を 追記"      
[main 8dbe7a0] 日本語訳を追記
 1 file changed, 2 insertions(+), 1 deletion(-)
PS C:\Users\freec\git_challenge> git diff --staged
PS C:\Users\freec\git_challenge> git log --oneline
8dbe7a0 (HEAD -> main) 日本語訳を追記
3c343e9 hello_world.txtを追記
PS C:\Users\freec\git_challenge> 