PS C:\Users\freec> cd C:\Users\freec\git_challenge
PS C:\Users\freec\git_challenge> git init
Initialized empty Git repository in C:/Users/freec/git_challenge/.git/
PS C:\Users\freec\git_challenge> echo "Hello, world!" >> hello_world.txt                
PS C:\Users\freec\git_challenge> git add hello_world.txt

PS C:\Users\freec\git_challenge> git commit -m "hello_world.txtを追加"
[main (root-commit) 80981f8] hello_world.txtを追加
 1 file changed, 1 insertions(+), 0 deletions(-)
 create mode 100644 hello_world.txt
PS C:\Users\freec\git_challenge> echo "こんにちは、世界！" >> hello_worl
PS C:\Users\freec\git_challenge> git add hello_world.txt
PS C:\Users\freec\git_challenge> git commit -m "日本語訳を追記"       
[main 865e3de] 日本語訳を追記
 1 file changed, 1 insertions(+), 0 deletions(-)
PS C:\Users\freec\git_challenge> git log --oneline
865e3de (HEAD -> main) 日本語訳を追記
80981f8 hello_world.txtを追加
PS C:\Users\freec\git_challenge> 