PS C:\Users\freec> cd C:\Users\freec\git_challenge
PS C:\Users\freec\git_challenge> git init
Initialized empty Git repository in C:/Users/freec/git_challenge/.git/
PS C:\Users\freec\git_challenge> echo "Hello, world!" >> he
llo_world.txt                               
PS C:\Users\freec\git_challenge> git add
Nothing specified, nothing added.
hint: Disable this message with "git config set advice.addEmptyPathspec false"
PS C:\Users\freec\git_challenge> git add hello_world.txt
PS C:\Users\freec\git_challenge> git commit -m "hello_world.txtを追加"
[main (root-commit) 978faa5] hello_world.txtを追加
 1 file changed, 0 insertions(+), 0 deletions(-)
 create mode 100644 hello_world.txt
PS C:\Users\freec\git_challenge> git diff --staged
PS C:\Users\freec\git_challenge> echo "こんにちは世界！" >> hello_world.txt
PS C:\Users\freec\git_challenge> git add hello_world.txt   
PS C:\Users\freec\git_challenge> git commit -m "日本語訳を追加"      
[main 7b326d9] 日本語訳を追加
 1 file changed, 0 insertions(+), 0 deletions(-)
PS C:\Users\freec\git_challenge> git diff --staged
PS C:\Users\freec\git_challenge> git log --oneline
7b326d9 (HEAD -> main) 日本語訳を追加
978faa5 hello_world.txtを追加
PS C:\Users\freec\git_challenge> 